kjfghbjkjhgfgfgvhbjkhvghhkjknj
